<vector xmlns:android="http://schemas.android.com/apk/res/android"
    android:width="800dp"
    android:height="800dp"
    android:viewportWidth="48"
    android:viewportHeight="48">
  <path
      android:pathData="M10,29V26H13V29H10Z"
      android:fillColor="#333333"/>
  <path
      android:pathData="M32,44H8C5.791,44 4,42.209 4,40V8C4,5.791 5.791,4 8,4H32C34.209,4 36,5.791 36,8V40C36,42.209 34.209,44 32,44ZM18,13C18,12.448 18.448,12 19,12H31C31.552,12 32,12.448 32,13C32,13.552 31.552,14 31,14H19C18.448,14 18,13.552 18,13ZM19,16C18.448,16 18,16.448 18,17C18,17.552 18.448,18 19,18H31C31.552,18 32,17.552 32,17C32,16.448 31.552,16 31,16H19ZM15.707,12.293C16.098,12.683 16.098,13.317 15.707,13.707L11,18.414L8.293,15.707C7.902,15.317 7.902,14.683 8.293,14.293C8.683,13.902 9.317,13.902 9.707,14.293L11,15.586L14.293,12.293C14.683,11.902 15.317,11.902 15.707,12.293ZM19,24C18.448,24 18,24.448 18,25C18,25.552 18.448,26 19,26H31C31.552,26 32,25.552 32,25C32,24.448 31.552,24 31,24H19ZM18,29C18,28.448 18.448,28 19,28H31C31.552,28 32,28.448 32,29C32,29.552 31.552,30 31,30H19C18.448,30 18,29.552 18,29ZM14,24H9C8.448,24 8,24.448 8,25V30C8,30.552 8.448,31 9,31H14C14.552,31 15,30.552 15,30V25C15,24.448 14.552,24 14,24Z"
      android:fillColor="#333333"
      android:fillType="evenOdd"/>
  <path
      android:pathData="M44,40L41,44L38,40V22H44V40Z"
      android:fillColor="#333333"
      android:fillType="evenOdd"/>
  <path
      android:pathData="M40,15H42C43.105,15 44,15.895 44,17V21H38V17C38,15.895 38.895,15 40,15Z"
      android:fillColor="#333333"
      android:fillType="evenOdd"/>
</vector>
